// Jest Snapshot v1, https://goo.gl/fbAQLP

exports[`ReactionButton test renders correctly 1`] = `
<a
  className="like_class Reaction_button"
  href="javascript:void(0);"
  onClick={undefined}
>
  Like
</a>
`;
