// Jest Snapshot v1, https://goo.gl/fbAQLP

exports[`SocialCardReactionPanel test renders correctly 1`] = `
Array [
  <div
    className="Social_reaction"
>
    <a
        className="Social_reaction_fixed"
        href="#"
    >
        <span
            className="Social_reaction_like"
        />
    </a>
    <span
        className="Social_reaction_strech"
    >
        <a
            className="Social_reaction_number"
            href="#"
        >
            157
        </a>
    </span>
    <a
        className="Social_reaction_number Social_reaction_fixed"
        href="#"
    >
        3
         Shares
    </a>
</div>,
  <div
    className="Social_react"
>
    <a
        className="Reaction_like_active Reaction_like_text_active Reaction_button"
        href="javascript:void(0);"
        onClick={[Function]}
    >
        Like
    </a>
    <a
        className="Reaction_comment Reaction_button"
        href="javascript:void(0);"
        onClick={undefined}
    >
        Comment
    </a>
    <a
        className="Reaction_share Reaction_button"
        href="javascript:void(0);"
        onClick={[Function]}
    >
        Share
    </a>
</div>,
]
`;
